[pixworld.net/tr.html]
[backblue.gif]
[fade.gif]
[index.html]
[pixworld.net/icons/apple-touch-icon.png]
[pixworld.net/icons/favicon-32x32.png]
[pixworld.net/icons/favicon-16x16.png]
[pixworld.net/manifest.json]
[pixworld.net/favicon.ico]
[pixworld.vercel.app/icons/android-chrome-192x192.png]
[pixworld.net/_next/static/chunks/polyfills-a54b4f32bdc1ef890ddd.js]
[pixworld.net/_next/static/chunks/webpack-9fc9ab40a062a7008df3.js]
[pixworld.net/_next/static/chunks/framework-2191d16384373197bc0a.js]
[pixworld.net/_next/static/chunks/main-c647e1e4e7bc684b60c2.js]
[pixworld.net/_next/static/chunks/pages/_app-4cfa3ed7801324f3f7e3.js]
[pixworld.net/_next/static/chunks/29107295-2648cb5e919f7c78c7cc.js]
[pixworld.net/_next/static/chunks/680-a24b1eae38dba9691eb5.js]
[pixworld.net/_next/static/chunks/329-88246275515732dd96a6.js]
[pixworld.net/_next/static/chunks/732-8f32ee4a33d53c3e359d.js]
[pixworld.net/_next/static/chunks/895-fb765db265be86cecbc7.js]
[pixworld.net/_next/static/chunks/pages/index-e562cddd8dab32e9a52c.js]
[pixworld.net/_next/static/WSaVIvfWgjTiFK12Ftxse/_buildManifest.js]
[pixworld.net/_next/static/WSaVIvfWgjTiFK12Ftxse/_ssgManifest.js]
[pixworld.net/tr.html]
[pixworld.net/_next/static/css/851321d1f0a87a6e503e.css]
[pixworld.net/tr/user/home.html]
[pixworld.net/_next/static/chunks/36bcf0ca-cd4792fa308c8e913b8f.js]
[pixworld.net/_next/static/chunks/678-22561499f7aefc89a9cf.js]
[pixworld.net/_next/static/chunks/794-26473a31f9ea2081247a.js]
[pixworld.net/_next/static/chunks/pages/user/[page]-1a72f6e7cdaf137acf78.js]
[pixworld.net/tr/user/home.html]
